{"timestamp":"2026-09-01T01:46:21.983134Z","level":"info","event":"::group::Pre Execute","logger":"task","filename":"task_runner.py","lineno":2303}
{"timestamp":"2026-09-01T01:46:26.530344Z","level":"info","event":"DAG bundles loaded: dags-folder","map_index":-1,"dag_id":"mobile_sales_medallion_etl","try_number":1,"run_id":"scheduled__2026-09-01T00:00:00+00:00","ti_id":"01a05aa5-5c30-749c-9fd4-3c71dbcd1f5a","task_id":"raw_to_bronze","logger":"airflow.dag_processing.bundles.manager.DagBundlesManager","filename":"manager.py","lineno":271}
{"timestamp":"2026-09-01T01:46:26.532744Z","level":"info","event":"Filling up the DagBag from /opt/airflow/dags/dags/DAG1/First.py","map_index":-1,"dag_id":"mobile_sales_medallion_etl","try_number":1,"run_id":"scheduled__2026-09-01T00:00:00+00:00","ti_id":"01a05aa5-5c30-749c-9fd4-3c71dbcd1f5a","task_id":"raw_to_bronze","logger":"airflow.dag_processing.dagbag.BundleDagBag","filename":"dagbag.py","lineno":460}
{"timestamp":"2026-09-01T01:46:26.743219Z","level":"warning","event":"The `airflow.decorators.task` attribute is deprecated. Please use `'airflow.sdk.task'`.","category":"UserWarning","filename":"/opt/airflow/dags/dags/DAG1/First.py","lineno":10,"map_index":-1,"dag_id":"mobile_sales_medallion_etl","try_number":1,"run_id":"scheduled__2026-09-01T00:00:00+00:00","ti_id":"01a05aa5-5c30-749c-9fd4-3c71dbcd1f5a","task_id":"raw_to_bronze","logger":"py.warnings"}
{"timestamp":"2026-09-01T01:46:26.743387Z","level":"warning","event":"The `airflow.utils.timezone.utcnow` attribute is deprecated. Please use `'airflow.sdk.timezone.utcnow'`.","category":"UserWarning","filename":"/opt/airflow/dags/dags/DAG1/First.py","lineno":641,"map_index":-1,"dag_id":"mobile_sales_medallion_etl","try_number":1,"run_id":"scheduled__2026-09-01T00:00:00+00:00","ti_id":"01a05aa5-5c30-749c-9fd4-3c71dbcd1f5a","task_id":"raw_to_bronze","logger":"py.warnings"}
{"timestamp":"2026-09-01T01:46:26.744913Z","level":"info","event":"Worker startup parse complete","bundle_name":"dags-folder","bundle_version":null,"dag_file":"dags/DAG1/First.py","dag_id":"mobile_sales_medallion_etl","bundle_prepare_ms":3,"dag_file_parse_ms":213,"map_index":-1,"try_number":1,"run_id":"scheduled__2026-09-01T00:00:00+00:00","ti_id":"01a05aa5-5c30-749c-9fd4-3c71dbcd1f5a","task_id":"raw_to_bronze","logger":"task","filename":"task_runner.py","lineno":1062}
{"timestamp":"2026-09-01T01:46:26.797745Z","level":"info","event":"::endgroup::","map_index":-1,"dag_id":"mobile_sales_medallion_etl","try_number":1,"run_id":"scheduled__2026-09-01T00:00:00+00:00","ti_id":"01a05aa5-5c30-749c-9fd4-3c71dbcd1f5a","task_id":"raw_to_bronze","logger":"task","filename":"task_runner.py","lineno":2107}
{"timestamp":"2026-09-01T01:46:29.249259Z","level":"error","event":"WARNING: Using incubator modules: jdk.incubator.vector","logger":"task.stderr"}
{"timestamp":"2026-09-01T01:46:31.853735Z","level":"error","event":"26/09/01 01:46:31 WARN NativeCodeLoader: Unable to load native-hadoop library for your platform... using builtin-java classes where applicable","logger":"task.stderr"}
{"timestamp":"2026-09-01T01:46:32.094688Z","level":"error","event":"Using Spark's default log4j profile: org/apache/spark/log4j2-defaults.properties","logger":"task.stderr"}
{"timestamp":"2026-09-01T01:46:32.095453Z","level":"error","event":"Setting default log level to \"WARN\".","logger":"task.stderr"}
{"timestamp":"2026-09-01T01:46:32.095889Z","level":"error","event":"To adjust logging level use sc.setLogLevel(newLevel). For SparkR, use setLogLevel(newLevel).","logger":"task.stderr"}
{"timestamp":"2026-09-01T01:46:35.422395Z","level":"info","event":"Error while receiving.","logger":"py4j.clientserver","filename":"clientserver.py","lineno":563,"error_detail":[{"exc_type":"ConnectionResetError","exc_value":"[Errno 104] Connection reset by peer","exc_notes":[],"syntax_error":null,"is_cause":false,"frames":[{"filename":"/home/airflow/.local/lib/python3.13/site-packages/py4j/clientserver.py","lineno":535,"name":"send_command"},{"filename":"/usr/python/lib/python3.13/socket.py","lineno":723,"name":"readinto"}],"is_group":false,"exceptions":[]}]}
{"timestamp":"2026-09-01T01:46:35.423150Z","level":"info","event":"Closing down clientserver connection","logger":"py4j.clientserver","filename":"clientserver.py","lineno":570}
{"timestamp":"2026-09-01T01:46:35.423341Z","level":"info","event":"Closing down clientserver connection","logger":"py4j.clientserver","filename":"clientserver.py","lineno":570}
{"timestamp":"2026-09-01T01:46:35.423509Z","level":"info","event":"Closing down clientserver connection","logger":"py4j.clientserver","filename":"clientserver.py","lineno":570}
{"timestamp":"2026-09-01T01:46:35.423583Z","level":"info","event":"Closing down clientserver connection","logger":"py4j.clientserver","filename":"clientserver.py","lineno":570}
{"timestamp":"2026-09-01T01:46:35.423667Z","level":"info","event":"Closing down clientserver connection","logger":"py4j.clientserver","filename":"clientserver.py","lineno":570}
{"timestamp":"2026-09-01T01:46:35.423729Z","level":"info","event":"Closing down clientserver connection","logger":"py4j.clientserver","filename":"clientserver.py","lineno":570}
{"timestamp":"2026-09-01T01:46:35.423796Z","level":"info","event":"Closing down clientserver connection","logger":"py4j.clientserver","filename":"clientserver.py","lineno":570}
{"timestamp":"2026-09-01T01:46:35.423852Z","level":"info","event":"Closing down clientserver connection","logger":"py4j.clientserver","filename":"clientserver.py","lineno":570}
{"timestamp":"2026-09-01T01:46:35.423918Z","level":"info","event":"Closing down clientserver connection","logger":"py4j.clientserver","filename":"clientserver.py","lineno":570}
{"timestamp":"2026-09-01T01:46:35.423973Z","level":"info","event":"Closing down clientserver connection","logger":"py4j.clientserver","filename":"clientserver.py","lineno":570}
{"timestamp":"2026-09-01T01:46:35.424039Z","level":"info","event":"Closing down clientserver connection","logger":"py4j.clientserver","filename":"clientserver.py","lineno":570}
{"timestamp":"2026-09-01T01:46:35.424094Z","level":"info","event":"Closing down clientserver connection","logger":"py4j.clientserver","filename":"clientserver.py","lineno":570}
{"timestamp":"2026-09-01T01:46:35.424158Z","level":"info","event":"Closing down clientserver connection","logger":"py4j.clientserver","filename":"clientserver.py","lineno":570}
{"timestamp":"2026-09-01T01:46:35.424212Z","level":"info","event":"Closing down clientserver connection","logger":"py4j.clientserver","filename":"clientserver.py","lineno":570}
{"timestamp":"2026-09-01T01:46:35.424275Z","level":"info","event":"Closing down clientserver connection","logger":"py4j.clientserver","filename":"clientserver.py","lineno":570}
{"timestamp":"2026-09-01T01:46:35.424351Z","level":"info","event":"Closing down clientserver connection","logger":"py4j.clientserver","filename":"clientserver.py","lineno":570}
{"timestamp":"2026-09-01T01:46:35.424433Z","level":"info","event":"Closing down clientserver connection","logger":"py4j.clientserver","filename":"clientserver.py","lineno":570}
{"timestamp":"2026-09-01T01:46:35.424495Z","level":"info","event":"Closing down clientserver connection","logger":"py4j.clientserver","filename":"clientserver.py","lineno":570}
{"timestamp":"2026-09-01T01:46:35.424583Z","level":"info","event":"Closing down clientserver connection","logger":"py4j.clientserver","filename":"clientserver.py","lineno":570}
{"timestamp":"2026-09-01T01:46:35.424648Z","level":"info","event":"Closing down clientserver connection","logger":"py4j.clientserver","filename":"clientserver.py","lineno":570}
{"timestamp":"2026-09-01T01:46:35.424717Z","level":"info","event":"Closing down clientserver connection","logger":"py4j.clientserver","filename":"clientserver.py","lineno":570}
{"timestamp":"2026-09-01T01:46:35.424775Z","level":"info","event":"Closing down clientserver connection","logger":"py4j.clientserver","filename":"clientserver.py","lineno":570}
{"timestamp":"2026-09-01T01:46:35.424849Z","level":"info","event":"Closing down clientserver connection","logger":"py4j.clientserver","filename":"clientserver.py","lineno":570}
{"timestamp":"2026-09-01T01:46:35.424904Z","level":"info","event":"Closing down clientserver connection","logger":"py4j.clientserver","filename":"clientserver.py","lineno":570}
{"timestamp":"2026-09-01T01:46:35.424970Z","level":"info","event":"Closing down clientserver connection","logger":"py4j.clientserver","filename":"clientserver.py","lineno":570}
{"timestamp":"2026-09-01T01:46:35.425026Z","level":"info","event":"Closing down clientserver connection","logger":"py4j.clientserver","filename":"clientserver.py","lineno":570}
{"timestamp":"2026-09-01T01:46:35.425092Z","level":"info","event":"Closing down clientserver connection","logger":"py4j.clientserver","filename":"clientserver.py","lineno":570}
{"timestamp":"2026-09-01T01:46:35.425145Z","level":"info","event":"Closing down clientserver connection","logger":"py4j.clientserver","filename":"clientserver.py","lineno":570}
{"timestamp":"2026-09-01T01:46:35.425208Z","level":"info","event":"Closing down clientserver connection","logger":"py4j.clientserver","filename":"clientserver.py","lineno":570}
{"timestamp":"2026-09-01T01:46:35.425263Z","level":"info","event":"Closing down clientserver connection","logger":"py4j.clientserver","filename":"clientserver.py","lineno":570}
{"timestamp":"2026-09-01T01:46:35.425326Z","level":"info","event":"Closing down clientserver connection","logger":"py4j.clientserver","filename":"clientserver.py","lineno":570}
{"timestamp":"2026-09-01T01:46:35.425381Z","level":"info","event":"Closing down clientserver connection","logger":"py4j.clientserver","filename":"clientserver.py","lineno":570}
{"timestamp":"2026-09-01T01:46:35.425445Z","level":"info","event":"Closing down clientserver connection","logger":"py4j.clientserver","filename":"clientserver.py","lineno":570}
{"timestamp":"2026-09-01T01:46:35.425505Z","level":"info","event":"Closing down clientserver connection","logger":"py4j.clientserver","filename":"clientserver.py","lineno":570}
{"timestamp":"2026-09-01T01:46:35.425576Z","level":"info","event":"Closing down clientserver connection","logger":"py4j.clientserver","filename":"clientserver.py","lineno":570}
{"timestamp":"2026-09-01T01:46:35.425629Z","level":"info","event":"Closing down clientserver connection","logger":"py4j.clientserver","filename":"clientserver.py","lineno":570}
{"timestamp":"2026-09-01T01:46:35.425678Z","level":"info","event":"Error while receiving.","logger":"py4j.clientserver","map_index":-1,"dag_id":"mobile_sales_medallion_etl","try_number":1,"run_id":"scheduled__2026-09-01T00:00:00+00:00","ti_id":"01a05aa5-5c30-749c-9fd4-3c71dbcd1f5a","task_id":"raw_to_bronze","filename":"clientserver.py","lineno":563,"error_detail":[{"exc_type":"Py4JNetworkError","exc_value":"Answer from Java side is empty","exc_notes":[],"syntax_error":null,"is_cause":false,"frames":[{"filename":"/home/airflow/.local/lib/python3.13/site-packages/py4j/clientserver.py","lineno":540,"name":"send_command"}],"is_group":false,"exceptions":[]}]}
{"timestamp":"2026-09-01T01:46:35.425836Z","level":"info","event":"Closing down clientserver connection","logger":"py4j.clientserver","map_index":-1,"dag_id":"mobile_sales_medallion_etl","try_number":1,"run_id":"scheduled__2026-09-01T00:00:00+00:00","ti_id":"01a05aa5-5c30-749c-9fd4-3c71dbcd1f5a","task_id":"raw_to_bronze","filename":"clientserver.py","lineno":570}
{"timestamp":"2026-09-01T01:46:35.425961Z","level":"info","event":"Exception while sending command.","logger":"root","map_index":-1,"dag_id":"mobile_sales_medallion_etl","try_number":1,"run_id":"scheduled__2026-09-01T00:00:00+00:00","ti_id":"01a05aa5-5c30-749c-9fd4-3c71dbcd1f5a","task_id":"raw_to_bronze","filename":"java_gateway.py","lineno":1056,"error_detail":[{"exc_type":"Py4JNetworkError","exc_value":"Answer from Java side is empty","exc_notes":[],"syntax_error":null,"is_cause":false,"frames":[{"filename":"/home/airflow/.local/lib/python3.13/site-packages/py4j/java_gateway.py","lineno":1038,"name":"send_command"},{"filename":"/home/airflow/.local/lib/python3.13/site-packages/py4j/clientserver.py","lineno":540,"name":"send_command"}],"is_group":false,"exceptions":[]}]}
{"timestamp":"2026-09-01T01:46:35.426102Z","level":"info","event":"Closing down clientserver connection","logger":"py4j.clientserver","map_index":-1,"dag_id":"mobile_sales_medallion_etl","try_number":1,"run_id":"scheduled__2026-09-01T00:00:00+00:00","ti_id":"01a05aa5-5c30-749c-9fd4-3c71dbcd1f5a","task_id":"raw_to_bronze","filename":"clientserver.py","lineno":570}
{"timestamp":"2026-09-01T01:46:35.426222Z","level":"error","event":"FAIL raw_to_bronze","logger":"unusual_prefix_7b6c72e3de4d7250d8472e398e5e5957cba805ec_First","map_index":-1,"dag_id":"mobile_sales_medallion_etl","try_number":1,"run_id":"scheduled__2026-09-01T00:00:00+00:00","ti_id":"01a05aa5-5c30-749c-9fd4-3c71dbcd1f5a","task_id":"raw_to_bronze","filename":"First.py","lineno":461,"error_detail":[{"exc_type":"ConnectionRefusedError","exc_value":"[Errno 111] Connection refused","exc_notes":[],"syntax_error":null,"is_cause":false,"frames":[{"filename":"/opt/airflow/dags/dags/DAG1/First.py","lineno":400,"name":"stage_raw_to_bronze"},{"filename":"/opt/airflow/dags/dags/DAG1/First.py","lineno":154,"name":"get_spark_session"},{"filename":"/home/airflow/.local/lib/python3.13/site-packages/pyspark/sql/session.py","lineno":559,"name":"getOrCreate"},{"filename":"/home/airflow/.local/lib/python3.13/site-packages/pyspark/core/context.py","lineno":542,"name":"getOrCreate"},{"filename":"/home/airflow/.local/lib/python3.13/site-packages/pyspark/core/context.py","lineno":207,"name":"__init__"},{"filename":"/home/airflow/.local/lib/python3.13/site-packages/pyspark/core/context.py","lineno":300,"name":"_do_init"},{"filename":"/home/airflow/.local/lib/python3.13/site-packages/pyspark/core/context.py","lineno":448,"name":"_initialize_context"},{"filename":"/home/airflow/.local/lib/python3.13/site-packages/py4j/java_gateway.py","lineno":1626,"name":"__call__"},{"filename":"/home/airflow/.local/lib/python3.13/site-packages/py4j/java_gateway.py","lineno":1057,"name":"send_command"},{"filename":"/home/airflow/.local/lib/python3.13/site-packages/py4j/java_gateway.py","lineno":1036,"name":"send_command"},{"filename":"/home/airflow/.local/lib/python3.13/site-packages/py4j/clientserver.py","lineno":284,"name":"_get_connection"},{"filename":"/home/airflow/.local/lib/python3.13/site-packages/py4j/clientserver.py","lineno":291,"name":"_create_new_connection"},{"filename":"/home/airflow/.local/lib/python3.13/site-packages/py4j/clientserver.py","lineno":438,"name":"connect_to_java_server"}],"is_group":false,"exceptions":[]},{"exc_type":"Py4JNetworkError","exc_value":"Answer from Java side is empty","exc_notes":[],"syntax_error":null,"is_cause":false,"frames":[{"filename":"/home/airflow/.local/lib/python3.13/site-packages/py4j/java_gateway.py","lineno":1038,"name":"send_command"},{"filename":"/home/airflow/.local/lib/python3.13/site-packages/py4j/clientserver.py","lineno":540,"name":"send_command"}],"is_group":false,"exceptions":[]}]}
