{"timestamp":"2026-08-20T09:18:23.547194Z","level":"info","event":"::group::Pre Execute","logger":"task","filename":"task_runner.py","lineno":2303}
{"timestamp":"2026-08-20T09:18:23.563785Z","level":"info","event":"DAG bundles loaded: dags-folder","dag_id":"mobile_sales_medallion_etl","map_index":-1,"task_id":"raw_to_bronze","try_number":4,"ti_id":"01a01e76-e2cc-7b4f-886e-33bc8ee72932","run_id":"manual__2026-08-20T08:54:58.836763+00:00","logger":"airflow.dag_processing.bundles.manager.DagBundlesManager","filename":"manager.py","lineno":271}
{"timestamp":"2026-08-20T09:18:23.566565Z","level":"info","event":"Filling up the DagBag from /opt/airflow/dags/dags/DAG1/First.py","dag_id":"mobile_sales_medallion_etl","map_index":-1,"task_id":"raw_to_bronze","try_number":4,"ti_id":"01a01e76-e2cc-7b4f-886e-33bc8ee72932","run_id":"manual__2026-08-20T08:54:58.836763+00:00","logger":"airflow.dag_processing.dagbag.BundleDagBag","filename":"dagbag.py","lineno":460}
{"timestamp":"2026-08-20T09:18:23.613392Z","level":"warning","event":"The `airflow.decorators.task` attribute is deprecated. Please use `'airflow.sdk.task'`.","category":"UserWarning","filename":"/opt/airflow/dags/dags/DAG1/First.py","lineno":10,"dag_id":"mobile_sales_medallion_etl","map_index":-1,"task_id":"raw_to_bronze","try_number":4,"ti_id":"01a01e76-e2cc-7b4f-886e-33bc8ee72932","run_id":"manual__2026-08-20T08:54:58.836763+00:00","logger":"py.warnings"}
{"timestamp":"2026-08-20T09:18:23.613542Z","level":"warning","event":"The `airflow.utils.timezone.utcnow` attribute is deprecated. Please use `'airflow.sdk.timezone.utcnow'`.","category":"UserWarning","filename":"/opt/airflow/dags/dags/DAG1/First.py","lineno":621,"dag_id":"mobile_sales_medallion_etl","map_index":-1,"task_id":"raw_to_bronze","try_number":4,"ti_id":"01a01e76-e2cc-7b4f-886e-33bc8ee72932","run_id":"manual__2026-08-20T08:54:58.836763+00:00","logger":"py.warnings"}
{"timestamp":"2026-08-20T09:18:23.614508Z","level":"info","event":"Worker startup parse complete","bundle_name":"dags-folder","bundle_version":null,"dag_file":"dags/DAG1/First.py","dag_id":"mobile_sales_medallion_etl","bundle_prepare_ms":4,"dag_file_parse_ms":48,"map_index":-1,"task_id":"raw_to_bronze","try_number":4,"ti_id":"01a01e76-e2cc-7b4f-886e-33bc8ee72932","run_id":"manual__2026-08-20T08:54:58.836763+00:00","logger":"task","filename":"task_runner.py","lineno":1062}
{"timestamp":"2026-08-20T09:18:23.636164Z","level":"info","event":"::endgroup::","dag_id":"mobile_sales_medallion_etl","map_index":-1,"task_id":"raw_to_bronze","try_number":4,"ti_id":"01a01e76-e2cc-7b4f-886e-33bc8ee72932","run_id":"manual__2026-08-20T08:54:58.836763+00:00","logger":"task","filename":"task_runner.py","lineno":2107}
{"timestamp":"2026-08-20T09:18:24.619481Z","level":"error","event":"WARNING: Using incubator modules: jdk.incubator.vector","logger":"task.stderr"}
{"timestamp":"2026-08-20T09:18:26.544767Z","level":"error","event":"26/08/20 09:18:26 WARN NativeCodeLoader: Unable to load native-hadoop library for your platform... using builtin-java classes where applicable","logger":"task.stderr"}
{"timestamp":"2026-08-20T09:18:26.794489Z","level":"error","event":"Using Spark's default log4j profile: org/apache/spark/log4j2-defaults.properties","logger":"task.stderr"}
{"timestamp":"2026-08-20T09:18:26.795235Z","level":"error","event":"Setting default log level to \"WARN\".","logger":"task.stderr"}
{"timestamp":"2026-08-20T09:18:26.795645Z","level":"error","event":"To adjust logging level use sc.setLogLevel(newLevel). For SparkR, use setLogLevel(newLevel).","logger":"task.stderr"}
{"timestamp":"2026-08-20T09:18:41.785504Z","level":"info","event":"Reading RAW source: s3a://mobilesaledata/Data/Raw/mobile_sales.csv (ext=csv)","logger":"unusual_prefix_7b6c72e3de4d7250d8472e398e5e5957cba805ec_First","dag_id":"mobile_sales_medallion_etl","map_index":-1,"task_id":"raw_to_bronze","try_number":4,"ti_id":"01a01e76-e2cc-7b4f-886e-33bc8ee72932","run_id":"manual__2026-08-20T08:54:58.836763+00:00","filename":"First.py","lineno":404}
{"timestamp":"2026-08-20T09:18:46.791925Z","level":"info","event":"=== RAW ===","logger":"unusual_prefix_7b6c72e3de4d7250d8472e398e5e5957cba805ec_First","dag_id":"mobile_sales_medallion_etl","map_index":-1,"task_id":"raw_to_bronze","try_number":4,"ti_id":"01a01e76-e2cc-7b4f-886e-33bc8ee72932","run_id":"manual__2026-08-20T08:54:58.836763+00:00","filename":"First.py","lineno":297}
{"timestamp":"2026-08-20T09:18:46.792256Z","level":"info","event":"message: raw_source=s3a://mobilesaledata/Data/Raw/mobile_sales.csv","logger":"unusual_prefix_7b6c72e3de4d7250d8472e398e5e5957cba805ec_First","dag_id":"mobile_sales_medallion_etl","map_index":-1,"task_id":"raw_to_bronze","try_number":4,"ti_id":"01a01e76-e2cc-7b4f-886e-33bc8ee72932","run_id":"manual__2026-08-20T08:54:58.836763+00:00","filename":"First.py","lineno":298}
{"timestamp":"2026-08-20T09:18:46.794090Z","level":"info","event":"schema: ['TransactionID:string', 'Date:string', 'MobileModel:string', 'Brand:string', 'Price:double', 'UnitsSold:int', 'TotalRevenue:double', 'CustomerAge:int', 'CustomerGender:string', 'Location:string', 'PaymentMethod:string']","logger":"unusual_prefix_7b6c72e3de4d7250d8472e398e5e5957cba805ec_First","dag_id":"mobile_sales_medallion_etl","map_index":-1,"task_id":"raw_to_bronze","try_number":4,"ti_id":"01a01e76-e2cc-7b4f-886e-33bc8ee72932","run_id":"manual__2026-08-20T08:54:58.836763+00:00","filename":"First.py","lineno":299}
{"timestamp":"2026-08-20T09:18:47.498238Z","level":"info","event":"record_count: 1000","logger":"unusual_prefix_7b6c72e3de4d7250d8472e398e5e5957cba805ec_First","dag_id":"mobile_sales_medallion_etl","map_index":-1,"task_id":"raw_to_bronze","try_number":4,"ti_id":"01a01e76-e2cc-7b4f-886e-33bc8ee72932","run_id":"manual__2026-08-20T08:54:58.836763+00:00","filename":"First.py","lineno":300}
{"timestamp":"2026-08-20T09:18:47.513774Z","level":"info","event":"Writing BRONZE to s3a://mobilesaledata/Data/Bronze/Mobile_Sales_Data","logger":"unusual_prefix_7b6c72e3de4d7250d8472e398e5e5957cba805ec_First","dag_id":"mobile_sales_medallion_etl","map_index":-1,"task_id":"raw_to_bronze","try_number":4,"ti_id":"01a01e76-e2cc-7b4f-886e-33bc8ee72932","run_id":"manual__2026-08-20T08:54:58.836763+00:00","filename":"First.py","lineno":445}
{"timestamp":"2026-08-20T09:18:47.715534Z","level":"error","event":"\r[Stage 0:===========================================================(1 + 0) / 1]\r\r                                                                                \r26/08/20 09:18:47 WARN Base64: JAXB is unavailable. Will fallback to SDK implementation which may be less performant.If you are using Java 9+, you will need to include javax.xml.bind:jaxb-api as a dependency.","logger":"task.stderr"}
{"timestamp":"2026-08-20T09:18:47.780961Z","level":"error","event":"26/08/20 09:18:47 WARN AbstractS3ACommitterFactory: Using standard FileOutputCommitter to commit work. This is slow and potentially unsafe.","logger":"task.stderr"}
{"timestamp":"2026-08-20T09:18:49.422599Z","level":"error","event":"\r[Stage 4:>                                                          (0 + 1) / 1]\r26/08/20 09:18:49 WARN AbstractS3ACommitterFactory: Using standard FileOutputCommitter to commit work. This is slow and potentially unsafe.","logger":"task.stderr"}
{"timestamp":"2026-08-20T09:18:49.727665Z","level":"error","event":"26/08/20 09:18:49 ERROR Utils: Aborting task","logger":"task.stderr"}
{"timestamp":"2026-08-20T09:18:49.728522Z","level":"error","event":"org.apache.spark.api.python.PythonException: [PYTHON_EXCEPTION] An exception was thrown from the Python worker: Traceback (most recent call last):","logger":"task.stderr"}
{"timestamp":"2026-08-20T09:18:49.729040Z","level":"error","event":"  File \"/home/airflow/.local/lib/python3.13/site-packages/pyspark/python/lib/pyspark.zip/pyspark/worker.py\", line 3602, in main","logger":"task.stderr"}
{"timestamp":"2026-08-20T09:18:49.729504Z","level":"error","event":"    func, profiler, deserializer, serializer = read_udfs(","logger":"task.stderr"}
{"timestamp":"2026-08-20T09:18:49.729987Z","level":"error","event":"                                               ~~~~~~~~~^","logger":"task.stderr"}
{"timestamp":"2026-08-20T09:18:49.730458Z","level":"error","event":"        pickleSer, infile, eval_type, runner_conf, eval_conf","logger":"task.stderr"}
{"timestamp":"2026-08-20T09:18:49.730938Z","level":"error","event":"        ^^^^^^^^^^^^^^^^^^^^^^^^^^^^^^^^^^^^^^^^^^^^^^^^^^^^","logger":"task.stderr"}
{"timestamp":"2026-08-20T09:18:49.731264Z","level":"error","event":"    )","logger":"task.stderr"}
{"timestamp":"2026-08-20T09:18:49.731631Z","level":"error","event":"    ^","logger":"task.stderr"}
{"timestamp":"2026-08-20T09:18:49.731910Z","level":"error","event":"  File \"/home/airflow/.local/lib/python3.13/site-packages/pyspark/python/lib/pyspark.zip/pyspark/worker.py\", line 2496, in read_udfs","logger":"task.stderr"}
{"timestamp":"2026-08-20T09:18:49.732364Z","level":"error","event":"    read_single_udf(pickleSer, infile, eval_type, runner_conf, udf_index=i)","logger":"task.stderr"}
{"timestamp":"2026-08-20T09:18:49.733573Z","level":"error","event":"    ~~~~~~~~~~~~~~~^^^^^^^^^^^^^^^^^^^^^^^^^^^^^^^^^^^^^^^^^^^^^^^^^^^^^^^^","logger":"task.stderr"}
{"timestamp":"2026-08-20T09:18:49.739176Z","level":"error","event":"  File \"/home/airflow/.local/lib/python3.13/site-packages/pyspark/python/lib/pyspark.zip/pyspark/worker.py\", line 1079, in read_single_udf","logger":"task.stderr"}
{"timestamp":"2026-08-20T09:18:49.739590Z","level":"error","event":"    f, return_type = read_command(pickleSer, infile)","logger":"task.stderr"}
{"timestamp":"2026-08-20T09:18:49.739892Z","level":"error","event":"                     ~~~~~~~~~~~~^^^^^^^^^^^^^^^^^^^","logger":"task.stderr"}
{"timestamp":"2026-08-20T09:18:49.740292Z","level":"error","event":"  File \"/home/airflow/.local/lib/python3.13/site-packages/pyspark/python/lib/pyspark.zip/pyspark/worker_util.py\", line 73, in read_command","logger":"task.stderr"}
{"timestamp":"2026-08-20T09:18:49.740515Z","level":"error","event":"    command = serializer._read_with_length(file)","logger":"task.stderr"}
{"timestamp":"2026-08-20T09:18:49.740849Z","level":"error","event":"  File \"/home/airflow/.local/lib/python3.13/site-packages/pyspark/python/lib/pyspark.zip/pyspark/serializers.py\", line 171, in _read_with_length","logger":"task.stderr"}
{"timestamp":"2026-08-20T09:18:49.741068Z","level":"error","event":"    return self.loads(obj)","logger":"task.stderr"}
{"timestamp":"2026-08-20T09:18:49.741610Z","level":"error","event":"           ~~~~~~~~~~^^^^^","logger":"task.stderr"}
{"timestamp":"2026-08-20T09:18:49.741928Z","level":"error","event":"  File \"/home/airflow/.local/lib/python3.13/site-packages/pyspark/python/lib/pyspark.zip/pyspark/serializers.py\", line 454, in loads","logger":"task.stderr"}
{"timestamp":"2026-08-20T09:18:49.742250Z","level":"error","event":"    return cloudpickle.loads(obj, encoding=encoding)","logger":"task.stderr"}
{"timestamp":"2026-08-20T09:18:49.742548Z","level":"error","event":"           ~~~~~~~~~~~~~~~~~^^^^^^^^^^^^^^^^^^^^^^^^","logger":"task.stderr"}
{"timestamp":"2026-08-20T09:18:49.742847Z","level":"error","event":"ModuleNotFoundError: No module named 'unusual_prefix_7b6c72e3de4d7250d8472e398e5e5957cba805ec_First'","logger":"task.stderr"}
{"timestamp":"2026-08-20T09:18:49.743099Z","level":"error","event":" SQLSTATE: 38000","logger":"task.stderr"}
{"timestamp":"2026-08-20T09:18:49.743335Z","level":"error","event":"\tat org.apache.spark.api.python.BasePythonRunner$ReaderIterator.handlePythonException(PythonRunner.scala:665)","logger":"task.stderr"}
{"timestamp":"2026-08-20T09:18:49.743583Z","level":"error","event":"\tat org.apache.spark.sql.execution.python.PythonArrowOutput$$anon$1.read(PythonArrowOutput.scala:142)","logger":"task.stderr"}
{"timestamp":"2026-08-20T09:18:49.743813Z","level":"error","event":"\tat org.apache.spark.api.python.BasePythonRunner$ReaderIterator.hasNext(PythonRunner.scala:602)","logger":"task.stderr"}
{"timestamp":"2026-08-20T09:18:49.744039Z","level":"error","event":"\tat org.apache.spark.InterruptibleIterator.hasNext(InterruptibleIterator.scala:37)","logger":"task.stderr"}
{"timestamp":"2026-08-20T09:18:49.744232Z","level":"error","event":"\tat scala.collection.Iterator$$anon$10.hasNext(Iterator.scala:611)","logger":"task.stderr"}
{"timestamp":"2026-08-20T09:18:49.744774Z","level":"error","event":"\tat scala.collection.Iterator$$anon$9.hasNext(Iterator.scala:593)","logger":"task.stderr"}
{"timestamp":"2026-08-20T09:18:49.745039Z","level":"error","event":"\tat org.apache.spark.sql.catalyst.expressions.GeneratedClass$GeneratedIteratorForCodegenStage1.processNext(Unknown Source)","logger":"task.stderr"}
{"timestamp":"2026-08-20T09:18:49.745345Z","level":"error","event":"\tat org.apache.spark.sql.execution.BufferedRowIterator.hasNext(BufferedRowIterator.java:44)","logger":"task.stderr"}
{"timestamp":"2026-08-20T09:18:49.745595Z","level":"error","event":"\tat org.apache.spark.sql.execution.WholeStageCodegenEvaluatorFactory$WholeStageCodegenPartitionEvaluator$$anon$1.hasNext(WholeStageCodegenEvaluatorFactory.scala:50)","logger":"task.stderr"}
{"timestamp":"2026-08-20T09:18:49.745849Z","level":"error","event":"\tat org.apache.spark.sql.execution.datasources.FileFormatDataWriter.writeWithIterator(FileFormatDataWriter.scala:110)","logger":"task.stderr"}
{"timestamp":"2026-08-20T09:18:49.746094Z","level":"error","event":"\tat org.apache.spark.sql.execution.datasources.FileFormatWriter$.$anonfun$executeTask$1(FileFormatWriter.scala:415)","logger":"task.stderr"}
{"timestamp":"2026-08-20T09:18:49.746347Z","level":"error","event":"\tat org.apache.spark.util.Utils$.tryWithSafeFinallyAndFailureCallbacks(Utils.scala:1337)","logger":"task.stderr"}
{"timestamp":"2026-08-20T09:18:49.746599Z","level":"error","event":"\tat org.apache.spark.sql.execution.datasources.FileFormatWriter$.executeTask(FileFormatWriter.scala:427)","logger":"task.stderr"}
{"timestamp":"2026-08-20T09:18:49.748514Z","level":"error","event":"\tat org.apache.spark.sql.execution.datasources.WriteFilesExec.$anonfun$doExecuteWrite$1(WriteFiles.scala:107)","logger":"task.stderr"}
{"timestamp":"2026-08-20T09:18:49.749096Z","level":"error","event":"\tat org.apache.spark.rdd.RDD.$anonfun$mapPartitionsInternal$2(RDD.scala:910)","logger":"task.stderr"}
{"timestamp":"2026-08-20T09:18:49.749493Z","level":"error","event":"\tat org.apache.spark.rdd.RDD.$anonfun$mapPartitionsInternal$2$adapted(RDD.scala:910)","logger":"task.stderr"}
{"timestamp":"2026-08-20T09:18:49.749751Z","level":"error","event":"\tat org.apache.spark.rdd.MapPartitionsRDD.compute(MapPartitionsRDD.scala:57)","logger":"task.stderr"}
{"timestamp":"2026-08-20T09:18:49.750020Z","level":"error","event":"\tat org.apache.spark.rdd.RDD.computeOrReadCheckpoint(RDD.scala:374)","logger":"task.stderr"}
{"timestamp":"2026-08-20T09:18:49.750297Z","level":"error","event":"\tat org.apache.spark.rdd.RDD.iterator(RDD.scala:338)","logger":"task.stderr"}
{"timestamp":"2026-08-20T09:18:49.750530Z","level":"error","event":"\tat org.apache.spark.scheduler.ResultTask.runTask(ResultTask.scala:93)","logger":"task.stderr"}
{"timestamp":"2026-08-20T09:18:49.750944Z","level":"error","event":"\tat org.apache.spark.TaskContext.runTaskWithListeners(TaskContext.scala:206)","logger":"task.stderr"}
{"timestamp":"2026-08-20T09:18:49.751238Z","level":"error","event":"\tat org.apache.spark.scheduler.Task.run(Task.scala:147)","logger":"task.stderr"}
{"timestamp":"2026-08-20T09:18:49.751470Z","level":"error","event":"\tat org.apache.spark.executor.Executor$TaskRunner.$anonfun$run$4(Executor.scala:894)","logger":"task.stderr"}
{"timestamp":"2026-08-20T09:18:49.751838Z","level":"error","event":"\tat org.apache.spark.util.SparkErrorUtils.tryWithSafeFinally(SparkErrorUtils.scala:86)","logger":"task.stderr"}
{"timestamp":"2026-08-20T09:18:49.752321Z","level":"error","event":"\tat org.apache.spark.util.SparkErrorUtils.tryWithSafeFinally$(SparkErrorUtils.scala:83)","logger":"task.stderr"}
{"timestamp":"2026-08-20T09:18:49.752603Z","level":"error","event":"\tat org.apache.spark.util.Utils$.tryWithSafeFinally(Utils.scala:97)","logger":"task.stderr"}
{"timestamp":"2026-08-20T09:18:49.755889Z","level":"error","event":"\tat org.apache.spark.executor.Executor$TaskRunner.run(Executor.scala:897)","logger":"task.stderr"}
{"timestamp":"2026-08-20T09:18:49.756201Z","level":"error","event":"\tat java.base/java.util.concurrent.ThreadPoolExecutor.runWorker(ThreadPoolExecutor.java:1136)","logger":"task.stderr"}
{"timestamp":"2026-08-20T09:18:49.756630Z","level":"error","event":"\tat java.base/java.util.concurrent.ThreadPoolExecutor$Worker.run(ThreadPoolExecutor.java:635)","logger":"task.stderr"}
{"timestamp":"2026-08-20T09:18:49.756976Z","level":"error","event":"\tat java.base/java.lang.Thread.run(Thread.java:840)","logger":"task.stderr"}
{"timestamp":"2026-08-20T09:18:49.826287Z","level":"error","event":"26/08/20 09:18:49 ERROR FileFormatWriter: Job: job_20260820091847675950560777255265_0004, Task: task_20260820091847675950560777255265_0004_m_000000, Task attempt attempt_20260820091847675950560777255265_0004_m_000000_3 aborted.","logger":"task.stderr"}
{"timestamp":"2026-08-20T09:18:49.829799Z","level":"error","event":"26/08/20 09:18:49 ERROR Executor: Exception in task 0.0 in stage 4.0 (TID 3)","logger":"task.stderr"}
{"timestamp":"2026-08-20T09:18:49.830394Z","level":"error","event":"org.apache.spark.api.python.PythonException: [PYTHON_EXCEPTION] An exception was thrown from the Python worker: Traceback (most recent call last):","logger":"task.stderr"}
{"timestamp":"2026-08-20T09:18:49.830842Z","level":"error","event":"  File \"/home/airflow/.local/lib/python3.13/site-packages/pyspark/python/lib/pyspark.zip/pyspark/worker.py\", line 3602, in main","logger":"task.stderr"}
{"timestamp":"2026-08-20T09:18:49.831277Z","level":"error","event":"    func, profiler, deserializer, serializer = read_udfs(","logger":"task.stderr"}
{"timestamp":"2026-08-20T09:18:49.831598Z","level":"error","event":"                                               ~~~~~~~~~^","logger":"task.stderr"}
{"timestamp":"2026-08-20T09:18:49.831911Z","level":"error","event":"        pickleSer, infile, eval_type, runner_conf, eval_conf","logger":"task.stderr"}
{"timestamp":"2026-08-20T09:18:49.832179Z","level":"error","event":"        ^^^^^^^^^^^^^^^^^^^^^^^^^^^^^^^^^^^^^^^^^^^^^^^^^^^^","logger":"task.stderr"}
{"timestamp":"2026-08-20T09:18:49.832556Z","level":"error","event":"    )","logger":"task.stderr"}
{"timestamp":"2026-08-20T09:18:49.832892Z","level":"error","event":"    ^","logger":"task.stderr"}
{"timestamp":"2026-08-20T09:18:49.833198Z","level":"error","event":"  File \"/home/airflow/.local/lib/python3.13/site-packages/pyspark/python/lib/pyspark.zip/pyspark/worker.py\", line 2496, in read_udfs","logger":"task.stderr"}
{"timestamp":"2026-08-20T09:18:49.833533Z","level":"error","event":"    read_single_udf(pickleSer, infile, eval_type, runner_conf, udf_index=i)","logger":"task.stderr"}
{"timestamp":"2026-08-20T09:18:49.833845Z","level":"error","event":"    ~~~~~~~~~~~~~~~^^^^^^^^^^^^^^^^^^^^^^^^^^^^^^^^^^^^^^^^^^^^^^^^^^^^^^^^","logger":"task.stderr"}
{"timestamp":"2026-08-20T09:18:49.834132Z","level":"error","event":"  File \"/home/airflow/.local/lib/python3.13/site-packages/pyspark/python/lib/pyspark.zip/pyspark/worker.py\", line 1079, in read_single_udf","logger":"task.stderr"}
{"timestamp":"2026-08-20T09:18:49.834518Z","level":"error","event":"    f, return_type = read_command(pickleSer, infile)","logger":"task.stderr"}
{"timestamp":"2026-08-20T09:18:49.834901Z","level":"error","event":"                     ~~~~~~~~~~~~^^^^^^^^^^^^^^^^^^^","logger":"task.stderr"}
{"timestamp":"2026-08-20T09:18:49.835265Z","level":"error","event":"  File \"/home/airflow/.local/lib/python3.13/site-packages/pyspark/python/lib/pyspark.zip/pyspark/worker_util.py\", line 73, in read_command","logger":"task.stderr"}
{"timestamp":"2026-08-20T09:18:49.835681Z","level":"error","event":"    command = serializer._read_with_length(file)","logger":"task.stderr"}
{"timestamp":"2026-08-20T09:18:49.836139Z","level":"error","event":"  File \"/home/airflow/.local/lib/python3.13/site-packages/pyspark/python/lib/pyspark.zip/pyspark/serializers.py\", line 171, in _read_with_length","logger":"task.stderr"}
{"timestamp":"2026-08-20T09:18:49.836441Z","level":"error","event":"    return self.loads(obj)","logger":"task.stderr"}
{"timestamp":"2026-08-20T09:18:49.836816Z","level":"error","event":"           ~~~~~~~~~~^^^^^","logger":"task.stderr"}
{"timestamp":"2026-08-20T09:18:49.837141Z","level":"error","event":"  File \"/home/airflow/.local/lib/python3.13/site-packages/pyspark/python/lib/pyspark.zip/pyspark/serializers.py\", line 454, in loads","logger":"task.stderr"}
{"timestamp":"2026-08-20T09:18:49.837502Z","level":"error","event":"    return cloudpickle.loads(obj, encoding=encoding)","logger":"task.stderr"}
{"timestamp":"2026-08-20T09:18:49.837878Z","level":"error","event":"           ~~~~~~~~~~~~~~~~~^^^^^^^^^^^^^^^^^^^^^^^^","logger":"task.stderr"}
{"timestamp":"2026-08-20T09:18:49.838196Z","level":"error","event":"ModuleNotFoundError: No module named 'unusual_prefix_7b6c72e3de4d7250d8472e398e5e5957cba805ec_First'","logger":"task.stderr"}
{"timestamp":"2026-08-20T09:18:49.838490Z","level":"error","event":" SQLSTATE: 38000","logger":"task.stderr"}
{"timestamp":"2026-08-20T09:18:49.838731Z","level":"error","event":"\tat org.apache.spark.api.python.BasePythonRunner$ReaderIterator.handlePythonException(PythonRunner.scala:665)","logger":"task.stderr"}
{"timestamp":"2026-08-20T09:18:49.839060Z","level":"error","event":"\tat org.apache.spark.sql.execution.python.PythonArrowOutput$$anon$1.read(PythonArrowOutput.scala:142)","logger":"task.stderr"}
{"timestamp":"2026-08-20T09:18:49.839290Z","level":"error","event":"\tat org.apache.spark.api.python.BasePythonRunner$ReaderIterator.hasNext(PythonRunner.scala:602)","logger":"task.stderr"}
{"timestamp":"2026-08-20T09:18:49.839502Z","level":"error","event":"\tat org.apache.spark.InterruptibleIterator.hasNext(InterruptibleIterator.scala:37)","logger":"task.stderr"}
{"timestamp":"2026-08-20T09:18:49.839711Z","level":"error","event":"\tat scala.collection.Iterator$$anon$10.hasNext(Iterator.scala:611)","logger":"task.stderr"}
{"timestamp":"2026-08-20T09:18:49.840001Z","level":"error","event":"\tat scala.collection.Iterator$$anon$9.hasNext(Iterator.scala:593)","logger":"task.stderr"}
{"timestamp":"2026-08-20T09:18:49.840306Z","level":"error","event":"\tat org.apache.spark.sql.catalyst.expressions.GeneratedClass$GeneratedIteratorForCodegenStage1.processNext(Unknown Source)","logger":"task.stderr"}
{"timestamp":"2026-08-20T09:18:49.840639Z","level":"error","event":"\tat org.apache.spark.sql.execution.BufferedRowIterator.hasNext(BufferedRowIterator.java:44)","logger":"task.stderr"}
{"timestamp":"2026-08-20T09:18:49.840867Z","level":"error","event":"\tat org.apache.spark.sql.execution.WholeStageCodegenEvaluatorFactory$WholeStageCodegenPartitionEvaluator$$anon$1.hasNext(WholeStageCodegenEvaluatorFactory.scala:50)","logger":"task.stderr"}
{"timestamp":"2026-08-20T09:18:49.841140Z","level":"error","event":"\tat org.apache.spark.sql.execution.datasources.FileFormatDataWriter.writeWithIterator(FileFormatDataWriter.scala:110)","logger":"task.stderr"}
{"timestamp":"2026-08-20T09:18:49.841350Z","level":"error","event":"\tat org.apache.spark.sql.execution.datasources.FileFormatWriter$.$anonfun$executeTask$1(FileFormatWriter.scala:415)","logger":"task.stderr"}
{"timestamp":"2026-08-20T09:18:49.841630Z","level":"error","event":"\tat org.apache.spark.util.Utils$.tryWithSafeFinallyAndFailureCallbacks(Utils.scala:1337)","logger":"task.stderr"}
{"timestamp":"2026-08-20T09:18:49.842145Z","level":"error","event":"\tat org.apache.spark.sql.execution.datasources.FileFormatWriter$.executeTask(FileFormatWriter.scala:427)","logger":"task.stderr"}
{"timestamp":"2026-08-20T09:18:49.842557Z","level":"error","event":"\tat org.apache.spark.sql.execution.datasources.WriteFilesExec.$anonfun$doExecuteWrite$1(WriteFiles.scala:107)","logger":"task.stderr"}
{"timestamp":"2026-08-20T09:18:49.842983Z","level":"error","event":"\tat org.apache.spark.rdd.RDD.$anonfun$mapPartitionsInternal$2(RDD.scala:910)","logger":"task.stderr"}
{"timestamp":"2026-08-20T09:18:49.843208Z","level":"error","event":"\tat org.apache.spark.rdd.RDD.$anonfun$mapPartitionsInternal$2$adapted(RDD.scala:910)","logger":"task.stderr"}
{"timestamp":"2026-08-20T09:18:49.843458Z","level":"error","event":"\tat org.apache.spark.rdd.MapPartitionsRDD.compute(MapPartitionsRDD.scala:57)","logger":"task.stderr"}
{"timestamp":"2026-08-20T09:18:49.843825Z","level":"error","event":"\tat org.apache.spark.rdd.RDD.computeOrReadCheckpoint(RDD.scala:374)","logger":"task.stderr"}
{"timestamp":"2026-08-20T09:18:49.844185Z","level":"error","event":"\tat org.apache.spark.rdd.RDD.iterator(RDD.scala:338)","logger":"task.stderr"}
{"timestamp":"2026-08-20T09:18:49.844510Z","level":"error","event":"\tat org.apache.spark.scheduler.ResultTask.runTask(ResultTask.scala:93)","logger":"task.stderr"}
{"timestamp":"2026-08-20T09:18:49.844774Z","level":"error","event":"\tat org.apache.spark.TaskContext.runTaskWithListeners(TaskContext.scala:206)","logger":"task.stderr"}
{"timestamp":"2026-08-20T09:18:49.845258Z","level":"error","event":"\tat org.apache.spark.scheduler.Task.run(Task.scala:147)","logger":"task.stderr"}
{"timestamp":"2026-08-20T09:18:49.845604Z","level":"error","event":"\tat org.apache.spark.executor.Executor$TaskRunner.$anonfun$run$4(Executor.scala:894)","logger":"task.stderr"}
{"timestamp":"2026-08-20T09:18:49.845872Z","level":"error","event":"\tat org.apache.spark.util.SparkErrorUtils.tryWithSafeFinally(SparkErrorUtils.scala:86)","logger":"task.stderr"}
{"timestamp":"2026-08-20T09:18:49.846336Z","level":"error","event":"\tat org.apache.spark.util.SparkErrorUtils.tryWithSafeFinally$(SparkErrorUtils.scala:83)","logger":"task.stderr"}
{"timestamp":"2026-08-20T09:18:49.846692Z","level":"error","event":"\tat org.apache.spark.util.Utils$.tryWithSafeFinally(Utils.scala:97)","logger":"task.stderr"}
{"timestamp":"2026-08-20T09:18:49.847002Z","level":"error","event":"\tat org.apache.spark.executor.Executor$TaskRunner.run(Executor.scala:897)","logger":"task.stderr"}
{"timestamp":"2026-08-20T09:18:49.847289Z","level":"error","event":"\tat java.base/java.util.concurrent.ThreadPoolExecutor.runWorker(ThreadPoolExecutor.java:1136)","logger":"task.stderr"}
{"timestamp":"2026-08-20T09:18:49.847636Z","level":"error","event":"\tat java.base/java.util.concurrent.ThreadPoolExecutor$Worker.run(ThreadPoolExecutor.java:635)","logger":"task.stderr"}
{"timestamp":"2026-08-20T09:18:49.847976Z","level":"error","event":"\tat java.base/java.lang.Thread.run(Thread.java:840)","logger":"task.stderr"}
{"timestamp":"2026-08-20T09:18:49.848734Z","level":"error","event":"26/08/20 09:18:49 WARN TaskSetManager: Lost task 0.0 in stage 4.0 (TID 3) (74dbac3f1269 executor driver): org.apache.spark.api.python.PythonException: [PYTHON_EXCEPTION] An exception was thrown from the Python worker: Traceback (most recent call last):","logger":"task.stderr"}
{"timestamp":"2026-08-20T09:18:49.849065Z","level":"error","event":"  File \"/home/airflow/.local/lib/python3.13/site-packages/pyspark/python/lib/pyspark.zip/pyspark/worker.py\", line 3602, in main","logger":"task.stderr"}
{"timestamp":"2026-08-20T09:18:49.853324Z","level":"error","event":"    func, profiler, deserializer, serializer = read_udfs(","logger":"task.stderr"}
{"timestamp":"2026-08-20T09:18:49.853561Z","level":"error","event":"                                               ~~~~~~~~~^","logger":"task.stderr"}
{"timestamp":"2026-08-20T09:18:49.853777Z","level":"error","event":"        pickleSer, infile, eval_type, runner_conf, eval_conf","logger":"task.stderr"}
{"timestamp":"2026-08-20T09:18:49.854155Z","level":"error","event":"        ^^^^^^^^^^^^^^^^^^^^^^^^^^^^^^^^^^^^^^^^^^^^^^^^^^^^","logger":"task.stderr"}
{"timestamp":"2026-08-20T09:18:49.855995Z","level":"error","event":"    )","logger":"task.stderr"}
{"timestamp":"2026-08-20T09:18:49.858380Z","level":"error","event":"    ^","logger":"task.stderr"}
{"timestamp":"2026-08-20T09:18:49.859160Z","level":"error","event":"  File \"/home/airflow/.local/lib/python3.13/site-packages/pyspark/python/lib/pyspark.zip/pyspark/worker.py\", line 2496, in read_udfs","logger":"task.stderr"}
{"timestamp":"2026-08-20T09:18:49.859446Z","level":"error","event":"    read_single_udf(pickleSer, infile, eval_type, runner_conf, udf_index=i)","logger":"task.stderr"}
{"timestamp":"2026-08-20T09:18:49.859745Z","level":"error","event":"    ~~~~~~~~~~~~~~~^^^^^^^^^^^^^^^^^^^^^^^^^^^^^^^^^^^^^^^^^^^^^^^^^^^^^^^^","logger":"task.stderr"}
{"timestamp":"2026-08-20T09:18:49.860028Z","level":"error","event":"  File \"/home/airflow/.local/lib/python3.13/site-packages/pyspark/python/lib/pyspark.zip/pyspark/worker.py\", line 1079, in read_single_udf","logger":"task.stderr"}
{"timestamp":"2026-08-20T09:18:49.860347Z","level":"error","event":"    f, return_type = read_command(pickleSer, infile)","logger":"task.stderr"}
{"timestamp":"2026-08-20T09:18:49.860687Z","level":"error","event":"                     ~~~~~~~~~~~~^^^^^^^^^^^^^^^^^^^","logger":"task.stderr"}
{"timestamp":"2026-08-20T09:18:49.861088Z","level":"error","event":"  File \"/home/airflow/.local/lib/python3.13/site-packages/pyspark/python/lib/pyspark.zip/pyspark/worker_util.py\", line 73, in read_command","logger":"task.stderr"}
{"timestamp":"2026-08-20T09:18:49.861394Z","level":"error","event":"    command = serializer._read_with_length(file)","logger":"task.stderr"}
{"timestamp":"2026-08-20T09:18:49.861813Z","level":"error","event":"  File \"/home/airflow/.local/lib/python3.13/site-packages/pyspark/python/lib/pyspark.zip/pyspark/serializers.py\", line 171, in _read_with_length","logger":"task.stderr"}
{"timestamp":"2026-08-20T09:18:49.862249Z","level":"error","event":"    return self.loads(obj)","logger":"task.stderr"}
{"timestamp":"2026-08-20T09:18:49.862577Z","level":"error","event":"           ~~~~~~~~~~^^^^^","logger":"task.stderr"}
{"timestamp":"2026-08-20T09:18:49.862976Z","level":"error","event":"  File \"/home/airflow/.local/lib/python3.13/site-packages/pyspark/python/lib/pyspark.zip/pyspark/serializers.py\", line 454, in loads","logger":"task.stderr"}
{"timestamp":"2026-08-20T09:18:49.863371Z","level":"error","event":"    return cloudpickle.loads(obj, encoding=encoding)","logger":"task.stderr"}
{"timestamp":"2026-08-20T09:18:49.863669Z","level":"error","event":"           ~~~~~~~~~~~~~~~~~^^^^^^^^^^^^^^^^^^^^^^^^","logger":"task.stderr"}
{"timestamp":"2026-08-20T09:18:49.864050Z","level":"error","event":"ModuleNotFoundError: No module named 'unusual_prefix_7b6c72e3de4d7250d8472e398e5e5957cba805ec_First'","logger":"task.stderr"}
{"timestamp":"2026-08-20T09:18:49.864396Z","level":"error","event":" SQLSTATE: 38000","logger":"task.stderr"}
{"timestamp":"2026-08-20T09:18:49.864760Z","level":"error","event":"\tat org.apache.spark.api.python.BasePythonRunner$ReaderIterator.handlePythonException(PythonRunner.scala:665)","logger":"task.stderr"}
{"timestamp":"2026-08-20T09:18:49.865098Z","level":"error","event":"\tat org.apache.spark.sql.execution.python.PythonArrowOutput$$anon$1.read(PythonArrowOutput.scala:142)","logger":"task.stderr"}
{"timestamp":"2026-08-20T09:18:49.865873Z","level":"error","event":"\tat org.apache.spark.api.python.BasePythonRunner$ReaderIterator.hasNext(PythonRunner.scala:602)","logger":"task.stderr"}
{"timestamp":"2026-08-20T09:18:49.866271Z","level":"error","event":"\tat org.apache.spark.InterruptibleIterator.hasNext(InterruptibleIterator.scala:37)","logger":"task.stderr"}
{"timestamp":"2026-08-20T09:18:49.866685Z","level":"error","event":"\tat scala.collection.Iterator$$anon$10.hasNext(Iterator.scala:611)","logger":"task.stderr"}
{"timestamp":"2026-08-20T09:18:49.867124Z","level":"error","event":"\tat scala.collection.Iterator$$anon$9.hasNext(Iterator.scala:593)","logger":"task.stderr"}
{"timestamp":"2026-08-20T09:18:49.867554Z","level":"error","event":"\tat org.apache.spark.sql.catalyst.expressions.GeneratedClass$GeneratedIteratorForCodegenStage1.processNext(Unknown Source)","logger":"task.stderr"}
{"timestamp":"2026-08-20T09:18:49.867924Z","level":"error","event":"\tat org.apache.spark.sql.execution.BufferedRowIterator.hasNext(BufferedRowIterator.java:44)","logger":"task.stderr"}
{"timestamp":"2026-08-20T09:18:49.868265Z","level":"error","event":"\tat org.apache.spark.sql.execution.WholeStageCodegenEvaluatorFactory$WholeStageCodegenPartitionEvaluator$$anon$1.hasNext(WholeStageCodegenEvaluatorFactory.scala:50)","logger":"task.stderr"}
{"timestamp":"2026-08-20T09:18:49.868652Z","level":"error","event":"\tat org.apache.spark.sql.execution.datasources.FileFormatDataWriter.writeWithIterator(FileFormatDataWriter.scala:110)","logger":"task.stderr"}
{"timestamp":"2026-08-20T09:18:49.868966Z","level":"error","event":"\tat org.apache.spark.sql.execution.datasources.FileFormatWriter$.$anonfun$executeTask$1(FileFormatWriter.scala:415)","logger":"task.stderr"}
{"timestamp":"2026-08-20T09:18:49.869338Z","level":"error","event":"\tat org.apache.spark.util.Utils$.tryWithSafeFinallyAndFailureCallbacks(Utils.scala:1337)","logger":"task.stderr"}
{"timestamp":"2026-08-20T09:18:49.870204Z","level":"error","event":"\tat org.apache.spark.sql.execution.datasources.FileFormatWriter$.executeTask(FileFormatWriter.scala:427)","logger":"task.stderr"}
{"timestamp":"2026-08-20T09:18:49.870584Z","level":"error","event":"\tat org.apache.spark.sql.execution.datasources.WriteFilesExec.$anonfun$doExecuteWrite$1(WriteFiles.scala:107)","logger":"task.stderr"}
{"timestamp":"2026-08-20T09:18:49.870929Z","level":"error","event":"\tat org.apache.spark.rdd.RDD.$anonfun$mapPartitionsInternal$2(RDD.scala:910)","logger":"task.stderr"}
{"timestamp":"2026-08-20T09:18:49.871370Z","level":"error","event":"\tat org.apache.spark.rdd.RDD.$anonfun$mapPartitionsInternal$2$adapted(RDD.scala:910)","logger":"task.stderr"}
{"timestamp":"2026-08-20T09:18:49.871689Z","level":"error","event":"\tat org.apache.spark.rdd.MapPartitionsRDD.compute(MapPartitionsRDD.scala:57)","logger":"task.stderr"}
{"timestamp":"2026-08-20T09:18:49.872266Z","level":"error","event":"\tat org.apache.spark.rdd.RDD.computeOrReadCheckpoint(RDD.scala:374)","logger":"task.stderr"}
{"timestamp":"2026-08-20T09:18:49.872775Z","level":"error","event":"\tat org.apache.spark.rdd.RDD.iterator(RDD.scala:338)","logger":"task.stderr"}
{"timestamp":"2026-08-20T09:18:49.873392Z","level":"error","event":"\tat org.apache.spark.scheduler.ResultTask.runTask(ResultTask.scala:93)","logger":"task.stderr"}
{"timestamp":"2026-08-20T09:18:49.873924Z","level":"error","event":"\tat org.apache.spark.TaskContext.runTaskWithListeners(TaskContext.scala:206)","logger":"task.stderr"}
{"timestamp":"2026-08-20T09:18:49.875699Z","level":"error","event":"\tat org.apache.spark.scheduler.Task.run(Task.scala:147)","logger":"task.stderr"}
{"timestamp":"2026-08-20T09:18:49.876009Z","level":"error","event":"\tat org.apache.spark.executor.Executor$TaskRunner.$anonfun$run$4(Executor.scala:894)","logger":"task.stderr"}
{"timestamp":"2026-08-20T09:18:49.876332Z","level":"error","event":"\tat org.apache.spark.util.SparkErrorUtils.tryWithSafeFinally(SparkErrorUtils.scala:86)","logger":"task.stderr"}
{"timestamp":"2026-08-20T09:18:49.876692Z","level":"error","event":"\tat org.apache.spark.util.SparkErrorUtils.tryWithSafeFinally$(SparkErrorUtils.scala:83)","logger":"task.stderr"}
{"timestamp":"2026-08-20T09:18:49.876983Z","level":"error","event":"\tat org.apache.spark.util.Utils$.tryWithSafeFinally(Utils.scala:97)","logger":"task.stderr"}
{"timestamp":"2026-08-20T09:18:49.877264Z","level":"error","event":"\tat org.apache.spark.executor.Executor$TaskRunner.run(Executor.scala:897)","logger":"task.stderr"}
{"timestamp":"2026-08-20T09:18:49.877570Z","level":"error","event":"\tat java.base/java.util.concurrent.ThreadPoolExecutor.runWorker(ThreadPoolExecutor.java:1136)","logger":"task.stderr"}
{"timestamp":"2026-08-20T09:18:49.877830Z","level":"error","event":"\tat java.base/java.util.concurrent.ThreadPoolExecutor$Worker.run(ThreadPoolExecutor.java:635)","logger":"task.stderr"}
{"timestamp":"2026-08-20T09:18:49.878110Z","level":"error","event":"\tat java.base/java.lang.Thread.run(Thread.java:840)","logger":"task.stderr"}
{"timestamp":"2026-08-20T09:18:49.878355Z","level":"error","event":"","logger":"task.stderr"}
{"timestamp":"2026-08-20T09:18:49.878562Z","level":"error","event":"26/08/20 09:18:49 ERROR TaskSetManager: Task 0 in stage 4.0 failed 1 times; aborting job","logger":"task.stderr"}
{"timestamp":"2026-08-20T09:18:49.878775Z","level":"error","event":"26/08/20 09:18:49 ERROR FileFormatWriter: Aborting job 352781f9-e9ce-4b7d-a563-668f0a27925e.","logger":"task.stderr"}
{"timestamp":"2026-08-20T09:18:49.878996Z","level":"error","event":"org.apache.spark.api.python.PythonException: [PYTHON_EXCEPTION] An exception was thrown from the Python worker: Traceback (most recent call last):","logger":"task.stderr"}
{"timestamp":"2026-08-20T09:18:49.879239Z","level":"error","event":"  File \"/home/airflow/.local/lib/python3.13/site-packages/pyspark/python/lib/pyspark.zip/pyspark/worker.py\", line 3602, in main","logger":"task.stderr"}
{"timestamp":"2026-08-20T09:18:49.879461Z","level":"error","event":"    func, profiler, deserializer, serializer = read_udfs(","logger":"task.stderr"}
{"timestamp":"2026-08-20T09:18:49.879660Z","level":"error","event":"                                               ~~~~~~~~~^","logger":"task.stderr"}
{"timestamp":"2026-08-20T09:18:49.879881Z","level":"error","event":"        pickleSer, infile, eval_type, runner_conf, eval_conf","logger":"task.stderr"}
{"timestamp":"2026-08-20T09:18:49.880204Z","level":"error","event":"        ^^^^^^^^^^^^^^^^^^^^^^^^^^^^^^^^^^^^^^^^^^^^^^^^^^^^","logger":"task.stderr"}
{"timestamp":"2026-08-20T09:18:49.880426Z","level":"error","event":"    )","logger":"task.stderr"}
{"timestamp":"2026-08-20T09:18:49.880616Z","level":"error","event":"    ^","logger":"task.stderr"}
{"timestamp":"2026-08-20T09:18:49.880842Z","level":"error","event":"  File \"/home/airflow/.local/lib/python3.13/site-packages/pyspark/python/lib/pyspark.zip/pyspark/worker.py\", line 2496, in read_udfs","logger":"task.stderr"}
{"timestamp":"2026-08-20T09:18:49.881035Z","level":"error","event":"    read_single_udf(pickleSer, infile, eval_type, runner_conf, udf_index=i)","logger":"task.stderr"}
{"timestamp":"2026-08-20T09:18:49.881230Z","level":"error","event":"    ~~~~~~~~~~~~~~~^^^^^^^^^^^^^^^^^^^^^^^^^^^^^^^^^^^^^^^^^^^^^^^^^^^^^^^^","logger":"task.stderr"}
{"timestamp":"2026-08-20T09:18:49.881404Z","level":"error","event":"  File \"/home/airflow/.local/lib/python3.13/site-packages/pyspark/python/lib/pyspark.zip/pyspark/worker.py\", line 1079, in read_single_udf","logger":"task.stderr"}
{"timestamp":"2026-08-20T09:18:49.881569Z","level":"error","event":"    f, return_type = read_command(pickleSer, infile)","logger":"task.stderr"}
{"timestamp":"2026-08-20T09:18:49.881732Z","level":"error","event":"                     ~~~~~~~~~~~~^^^^^^^^^^^^^^^^^^^","logger":"task.stderr"}
{"timestamp":"2026-08-20T09:18:49.881889Z","level":"error","event":"  File \"/home/airflow/.local/lib/python3.13/site-packages/pyspark/python/lib/pyspark.zip/pyspark/worker_util.py\", line 73, in read_command","logger":"task.stderr"}
{"timestamp":"2026-08-20T09:18:49.882064Z","level":"error","event":"    command = serializer._read_with_length(file)","logger":"task.stderr"}
{"timestamp":"2026-08-20T09:18:49.882220Z","level":"error","event":"  File \"/home/airflow/.local/lib/python3.13/site-packages/pyspark/python/lib/pyspark.zip/pyspark/serializers.py\", line 171, in _read_with_length","logger":"task.stderr"}
{"timestamp":"2026-08-20T09:18:49.882495Z","level":"error","event":"    return self.loads(obj)","logger":"task.stderr"}
{"timestamp":"2026-08-20T09:18:49.882718Z","level":"error","event":"           ~~~~~~~~~~^^^^^","logger":"task.stderr"}
{"timestamp":"2026-08-20T09:18:49.882932Z","level":"error","event":"  File \"/home/airflow/.local/lib/python3.13/site-packages/pyspark/python/lib/pyspark.zip/pyspark/serializers.py\", line 454, in loads","logger":"task.stderr"}
{"timestamp":"2026-08-20T09:18:49.883140Z","level":"error","event":"    return cloudpickle.loads(obj, encoding=encoding)","logger":"task.stderr"}
{"timestamp":"2026-08-20T09:18:49.883327Z","level":"error","event":"           ~~~~~~~~~~~~~~~~~^^^^^^^^^^^^^^^^^^^^^^^^","logger":"task.stderr"}
{"timestamp":"2026-08-20T09:18:49.883526Z","level":"error","event":"ModuleNotFoundError: No module named 'unusual_prefix_7b6c72e3de4d7250d8472e398e5e5957cba805ec_First'","logger":"task.stderr"}
{"timestamp":"2026-08-20T09:18:49.883723Z","level":"error","event":" SQLSTATE: 38000","logger":"task.stderr"}
{"timestamp":"2026-08-20T09:18:49.883927Z","level":"error","event":"\tat org.apache.spark.api.python.BasePythonRunner$ReaderIterator.handlePythonException(PythonRunner.scala:665)","logger":"task.stderr"}
{"timestamp":"2026-08-20T09:18:49.884165Z","level":"error","event":"\tat org.apache.spark.sql.execution.python.PythonArrowOutput$$anon$1.read(PythonArrowOutput.scala:142)","logger":"task.stderr"}
{"timestamp":"2026-08-20T09:18:49.884363Z","level":"error","event":"\tat org.apache.spark.api.python.BasePythonRunner$ReaderIterator.hasNext(PythonRunner.scala:602)","logger":"task.stderr"}
{"timestamp":"2026-08-20T09:18:49.884580Z","level":"error","event":"\tat org.apache.spark.InterruptibleIterator.hasNext(InterruptibleIterator.scala:37)","logger":"task.stderr"}
{"timestamp":"2026-08-20T09:18:49.884834Z","level":"error","event":"\tat scala.collection.Iterator$$anon$10.hasNext(Iterator.scala:611)","logger":"task.stderr"}
{"timestamp":"2026-08-20T09:18:49.885045Z","level":"error","event":"\tat scala.collection.Iterator$$anon$9.hasNext(Iterator.scala:593)","logger":"task.stderr"}
{"timestamp":"2026-08-20T09:18:49.885222Z","level":"error","event":"\tat org.apache.spark.sql.catalyst.expressions.GeneratedClass$GeneratedIteratorForCodegenStage1.processNext(Unknown Source)","logger":"task.stderr"}
{"timestamp":"2026-08-20T09:18:49.885397Z","level":"error","event":"\tat org.apache.spark.sql.execution.BufferedRowIterator.hasNext(BufferedRowIterator.java:44)","logger":"task.stderr"}
{"timestamp":"2026-08-20T09:18:49.885570Z","level":"error","event":"\tat org.apache.spark.sql.execution.WholeStageCodegenEvaluatorFactory$WholeStageCodegenPartitionEvaluator$$anon$1.hasNext(WholeStageCodegenEvaluatorFactory.scala:50)","logger":"task.stderr"}
{"timestamp":"2026-08-20T09:18:49.885738Z","level":"error","event":"\tat org.apache.spark.sql.execution.datasources.FileFormatDataWriter.writeWithIterator(FileFormatDataWriter.scala:110)","logger":"task.stderr"}
{"timestamp":"2026-08-20T09:18:49.885955Z","level":"error","event":"\tat org.apache.spark.sql.execution.datasources.FileFormatWriter$.$anonfun$executeTask$1(FileFormatWriter.scala:415)","logger":"task.stderr"}
{"timestamp":"2026-08-20T09:18:49.886163Z","level":"error","event":"\tat org.apache.spark.util.Utils$.tryWithSafeFinallyAndFailureCallbacks(Utils.scala:1337)","logger":"task.stderr"}
{"timestamp":"2026-08-20T09:18:49.886344Z","level":"error","event":"\tat org.apache.spark.sql.execution.datasources.FileFormatWriter$.executeTask(FileFormatWriter.scala:427)","logger":"task.stderr"}
{"timestamp":"2026-08-20T09:18:49.886509Z","level":"error","event":"\tat org.apache.spark.sql.execution.datasources.WriteFilesExec.$anonfun$doExecuteWrite$1(WriteFiles.scala:107)","logger":"task.stderr"}
{"timestamp":"2026-08-20T09:18:49.886675Z","level":"error","event":"\tat org.apache.spark.rdd.RDD.$anonfun$mapPartitionsInternal$2(RDD.scala:910)","logger":"task.stderr"}
{"timestamp":"2026-08-20T09:18:49.886832Z","level":"error","event":"\tat org.apache.spark.rdd.RDD.$anonfun$mapPartitionsInternal$2$adapted(RDD.scala:910)","logger":"task.stderr"}
{"timestamp":"2026-08-20T09:18:49.887070Z","level":"error","event":"\tat org.apache.spark.rdd.MapPartitionsRDD.compute(MapPartitionsRDD.scala:57)","logger":"task.stderr"}
{"timestamp":"2026-08-20T09:18:49.887241Z","level":"error","event":"\tat org.apache.spark.rdd.RDD.computeOrReadCheckpoint(RDD.scala:374)","logger":"task.stderr"}
{"timestamp":"2026-08-20T09:18:49.887400Z","level":"error","event":"\tat org.apache.spark.rdd.RDD.iterator(RDD.scala:338)","logger":"task.stderr"}
{"timestamp":"2026-08-20T09:18:49.887560Z","level":"error","event":"\tat org.apache.spark.scheduler.ResultTask.runTask(ResultTask.scala:93)","logger":"task.stderr"}
{"timestamp":"2026-08-20T09:18:49.887730Z","level":"error","event":"\tat org.apache.spark.TaskContext.runTaskWithListeners(TaskContext.scala:206)","logger":"task.stderr"}
{"timestamp":"2026-08-20T09:18:49.887909Z","level":"error","event":"\tat org.apache.spark.scheduler.Task.run(Task.scala:147)","logger":"task.stderr"}
{"timestamp":"2026-08-20T09:18:49.888073Z","level":"error","event":"\tat org.apache.spark.executor.Executor$TaskRunner.$anonfun$run$4(Executor.scala:894)","logger":"task.stderr"}
{"timestamp":"2026-08-20T09:18:49.888233Z","level":"error","event":"\tat org.apache.spark.util.SparkErrorUtils.tryWithSafeFinally(SparkErrorUtils.scala:86)","logger":"task.stderr"}
{"timestamp":"2026-08-20T09:18:49.888449Z","level":"error","event":"\tat org.apache.spark.util.SparkErrorUtils.tryWithSafeFinally$(SparkErrorUtils.scala:83)","logger":"task.stderr"}
{"timestamp":"2026-08-20T09:18:49.888704Z","level":"error","event":"\tat org.apache.spark.util.Utils$.tryWithSafeFinally(Utils.scala:97)","logger":"task.stderr"}
{"timestamp":"2026-08-20T09:18:49.888903Z","level":"error","event":"\tat org.apache.spark.executor.Executor$TaskRunner.run(Executor.scala:897)","logger":"task.stderr"}
{"timestamp":"2026-08-20T09:18:49.889118Z","level":"error","event":"\tat java.base/java.util.concurrent.ThreadPoolExecutor.runWorker(ThreadPoolExecutor.java:1136)","logger":"task.stderr"}
{"timestamp":"2026-08-20T09:18:49.889343Z","level":"error","event":"\tat java.base/java.util.concurrent.ThreadPoolExecutor$Worker.run(ThreadPoolExecutor.java:635)","logger":"task.stderr"}
{"timestamp":"2026-08-20T09:18:49.889548Z","level":"error","event":"\tat java.base/java.lang.Thread.run(Thread.java:840)","logger":"task.stderr"}
{"timestamp":"2026-08-20T09:18:49.889770Z","level":"error","event":"\tat org.apache.spark.scheduler.DAGScheduler.runJob(DAGScheduler.scala:1063)","logger":"task.stderr"}
{"timestamp":"2026-08-20T09:18:49.889995Z","level":"error","event":"\tat org.apache.spark.SparkContext.runJob(SparkContext.scala:2496)","logger":"task.stderr"}
{"timestamp":"2026-08-20T09:18:49.890159Z","level":"error","event":"\tat org.apache.spark.sql.execution.datasources.FileFormatWriter$.$anonfun$executeWrite$4(FileFormatWriter.scala:318)","logger":"task.stderr"}
{"timestamp":"2026-08-20T09:18:49.890341Z","level":"error","event":"\tat org.apache.spark.sql.execution.datasources.FileFormatWriter$.writeAndCommit(FileFormatWriter.scala:284)","logger":"task.stderr"}
{"timestamp":"2026-08-20T09:18:49.890516Z","level":"error","event":"\tat org.apache.spark.sql.execution.datasources.FileFormatWriter$.executeWrite(FileFormatWriter.scala:315)","logger":"task.stderr"}
{"timestamp":"2026-08-20T09:18:49.890714Z","level":"error","event":"\tat org.apache.spark.sql.execution.datasources.FileFormatWriter$.write(FileFormatWriter.scala:201)","logger":"task.stderr"}
{"timestamp":"2026-08-20T09:18:49.890936Z","level":"error","event":"\tat org.apache.spark.sql.execution.datasources.InsertIntoHadoopFsRelationCommand.run(InsertIntoHadoopFsRelationCommand.scala:195)","logger":"task.stderr"}
{"timestamp":"2026-08-20T09:18:49.891150Z","level":"error","event":"\tat org.apache.spark.sql.execution.command.DataWritingCommandExec.sideEffectResult$lzycompute(commands.scala:117)","logger":"task.stderr"}
{"timestamp":"2026-08-20T09:18:49.891351Z","level":"error","event":"\tat org.apache.spark.sql.execution.command.DataWritingCommandExec.sideEffectResult(commands.scala:115)","logger":"task.stderr"}
{"timestamp":"2026-08-20T09:18:49.891587Z","level":"error","event":"\tat org.apache.spark.sql.execution.command.DataWritingCommandExec.executeCollect(commands.scala:129)","logger":"task.stderr"}
{"timestamp":"2026-08-20T09:18:49.891826Z","level":"error","event":"\tat org.apache.spark.sql.execution.QueryExecution$.$anonfun$runCommand$2(QueryExecution.scala:940)","logger":"task.stderr"}
{"timestamp":"2026-08-20T09:18:49.892007Z","level":"error","event":"\tat org.apache.spark.sql.execution.SQLExecution$.$anonfun$withNewExecutionId0$8(SQLExecution.scala:228)","logger":"task.stderr"}
{"timestamp":"2026-08-20T09:18:49.892182Z","level":"error","event":"\tat org.apache.spark.sql.execution.SQLExecution$.withSessionTagsApplied(SQLExecution.scala:352)","logger":"task.stderr"}
{"timestamp":"2026-08-20T09:18:49.892379Z","level":"error","event":"\tat org.apache.spark.sql.execution.SQLExecution$.$anonfun$withNewExecutionId0$7(SQLExecution.scala:189)","logger":"task.stderr"}
{"timestamp":"2026-08-20T09:18:49.892566Z","level":"error","event":"\tat org.apache.spark.JobArtifactSet$.withActiveJobArtifactState(JobArtifactSet.scala:94)","logger":"task.stderr"}
{"timestamp":"2026-08-20T09:18:49.892747Z","level":"error","event":"\tat org.apache.spark.sql.artifact.ArtifactManager.$anonfun$withResources$1(ArtifactManager.scala:112)","logger":"task.stderr"}
{"timestamp":"2026-08-20T09:18:49.892938Z","level":"error","event":"\tat org.apache.spark.sql.artifact.ArtifactManager.withClassLoaderIfNeeded(ArtifactManager.scala:106)","logger":"task.stderr"}
{"timestamp":"2026-08-20T09:18:49.893169Z","level":"error","event":"\tat org.apache.spark.sql.artifact.ArtifactManager.withResources(ArtifactManager.scala:111)","logger":"task.stderr"}
{"timestamp":"2026-08-20T09:18:49.893374Z","level":"error","event":"\tat org.apache.spark.sql.execution.SQLExecution$.$anonfun$withNewExecutionId0$6(SQLExecution.scala:189)","logger":"task.stderr"}
{"timestamp":"2026-08-20T09:18:49.893586Z","level":"error","event":"\tat org.apache.spark.sql.execution.SQLExecution$.withSQLConfPropagated(SQLExecution.scala:375)","logger":"task.stderr"}
{"timestamp":"2026-08-20T09:18:49.893794Z","level":"error","event":"\tat org.apache.spark.sql.execution.SQLExecution$.$anonfun$withNewExecutionId0$1(SQLExecution.scala:188)","logger":"task.stderr"}
{"timestamp":"2026-08-20T09:18:49.894064Z","level":"error","event":"\tat org.apache.spark.sql.SparkSession.withActive(SparkSession.scala:810)","logger":"task.stderr"}
{"timestamp":"2026-08-20T09:18:49.895905Z","level":"error","event":"\tat org.apache.spark.sql.execution.SQLExecution$.withNewExecutionId0(SQLExecution.scala:130)","logger":"task.stderr"}
{"timestamp":"2026-08-20T09:18:49.901311Z","level":"error","event":"\tat org.apache.spark.sql.execution.SQLExecution$.withNewExecutionId(SQLExecution.scala:317)","logger":"task.stderr"}
{"timestamp":"2026-08-20T09:18:49.906908Z","level":"error","event":"\tat org.apache.spark.sql.execution.QueryExecution$.$anonfun$runCommand$1(QueryExecution.scala:940)","logger":"task.stderr"}
{"timestamp":"2026-08-20T09:18:49.907320Z","level":"error","event":"\tat org.apache.spark.sql.execution.QueryExecution$.withInternalError(QueryExecution.scala:872)","logger":"task.stderr"}
{"timestamp":"2026-08-20T09:18:49.907639Z","level":"error","event":"\tat org.apache.spark.sql.execution.QueryExecution$.runCommand(QueryExecution.scala:939)","logger":"task.stderr"}
{"timestamp":"2026-08-20T09:18:49.907980Z","level":"error","event":"\tat org.apache.spark.sql.execution.QueryExecution.org$apache$spark$sql$execution$QueryExecution$$eagerlyExecute$1(QueryExecution.scala:247)","logger":"task.stderr"}
{"timestamp":"2026-08-20T09:18:49.908255Z","level":"error","event":"\tat org.apache.spark.sql.execution.QueryExecution$$anonfun$eagerlyExecuteCommands$1.applyOrElse(QueryExecution.scala:261)","logger":"task.stderr"}
{"timestamp":"2026-08-20T09:18:49.908607Z","level":"error","event":"\tat org.apache.spark.sql.execution.QueryExecution$$anonfun$eagerlyExecuteCommands$1.applyOrElse(QueryExecution.scala:254)","logger":"task.stderr"}
{"timestamp":"2026-08-20T09:18:49.909025Z","level":"error","event":"\tat org.apache.spark.sql.catalyst.trees.TreeNode.$anonfun$transformDownWithPruning$1(TreeNode.scala:495)","logger":"task.stderr"}
{"timestamp":"2026-08-20T09:18:49.909262Z","level":"error","event":"\tat org.apache.spark.sql.catalyst.trees.CurrentOrigin$.withOrigin(origin.scala:107)","logger":"task.stderr"}
{"timestamp":"2026-08-20T09:18:49.909562Z","level":"error","event":"\tat org.apache.spark.sql.catalyst.trees.TreeNode.transformDownWithPruning(TreeNode.scala:495)","logger":"task.stderr"}
{"timestamp":"2026-08-20T09:18:49.909887Z","level":"error","event":"\tat org.apache.spark.sql.catalyst.plans.logical.LogicalPlan.org$apache$spark$sql$catalyst$plans$logical$AnalysisHelper$$super$transformDownWithPruning(LogicalPlan.scala:37)","logger":"task.stderr"}
{"timestamp":"2026-08-20T09:18:49.910330Z","level":"error","event":"\tat org.apache.spark.sql.catalyst.plans.logical.AnalysisHelper.transformDownWithPruning(AnalysisHelper.scala:360)","logger":"task.stderr"}
{"timestamp":"2026-08-20T09:18:49.910708Z","level":"error","event":"\tat org.apache.spark.sql.catalyst.plans.logical.AnalysisHelper.transformDownWithPruning$(AnalysisHelper.scala:356)","logger":"task.stderr"}
{"timestamp":"2026-08-20T09:18:49.910992Z","level":"error","event":"\tat org.apache.spark.sql.catalyst.plans.logical.LogicalPlan.transformDownWithPruning(LogicalPlan.scala:37)","logger":"task.stderr"}
{"timestamp":"2026-08-20T09:18:49.911453Z","level":"error","event":"\tat org.apache.spark.sql.catalyst.plans.logical.LogicalPlan.transformDownWithPruning(LogicalPlan.scala:37)","logger":"task.stderr"}
{"timestamp":"2026-08-20T09:18:49.911741Z","level":"error","event":"\tat org.apache.spark.sql.catalyst.trees.TreeNode.transformDown(TreeNode.scala:471)","logger":"task.stderr"}
{"timestamp":"2026-08-20T09:18:49.912041Z","level":"error","event":"\tat org.apache.spark.sql.execution.QueryExecution.eagerlyExecuteCommands(QueryExecution.scala:254)","logger":"task.stderr"}
{"timestamp":"2026-08-20T09:18:49.912270Z","level":"error","event":"\tat org.apache.spark.sql.execution.QueryExecution.$anonfun$lazyCommandExecuted$1(QueryExecution.scala:218)","logger":"task.stderr"}
{"timestamp":"2026-08-20T09:18:49.913464Z","level":"error","event":"\tat scala.util.Try$.apply(Try.scala:217)","logger":"task.stderr"}
{"timestamp":"2026-08-20T09:18:49.913717Z","level":"error","event":"\tat org.apache.spark.util.Utils$.doTryWithCallerStacktrace(Utils.scala:1407)","logger":"task.stderr"}
{"timestamp":"2026-08-20T09:18:49.913974Z","level":"error","event":"\tat org.apache.spark.util.LazyTry.tryT$lzycompute(LazyTry.scala:46)","logger":"task.stderr"}
{"timestamp":"2026-08-20T09:18:49.914214Z","level":"error","event":"\tat org.apache.spark.util.LazyTry.tryT(LazyTry.scala:46)","logger":"task.stderr"}
{"timestamp":"2026-08-20T09:18:49.914536Z","level":"error","event":"\tat org.apache.spark.util.LazyTry.get(LazyTry.scala:61)","logger":"task.stderr"}
{"timestamp":"2026-08-20T09:18:49.920692Z","level":"error","event":"\tat org.apache.spark.sql.execution.QueryExecution.$anonfun$commandExecuted$1(QueryExecution.scala:224)","logger":"task.stderr"}
{"timestamp":"2026-08-20T09:18:49.921203Z","level":"error","event":"\tat org.apache.spark.sql.execution.QueryExecution.withAbortTransactionOnFailure(QueryExecution.scala:632)","logger":"task.stderr"}
{"timestamp":"2026-08-20T09:18:49.921449Z","level":"error","event":"\tat org.apache.spark.sql.execution.QueryExecution.commandExecuted(QueryExecution.scala:224)","logger":"task.stderr"}
{"timestamp":"2026-08-20T09:18:49.921923Z","level":"error","event":"\tat org.apache.spark.sql.execution.QueryExecution.assertCommandExecuted(QueryExecution.scala:309)","logger":"task.stderr"}
{"timestamp":"2026-08-20T09:18:49.930044Z","level":"error","event":"\tat org.apache.spark.sql.classic.DataFrameWriter.runCommand(DataFrameWriter.scala:615)","logger":"task.stderr"}
{"timestamp":"2026-08-20T09:18:49.930786Z","level":"error","event":"\tat org.apache.spark.sql.classic.DataFrameWriter.save(DataFrameWriter.scala:115)","logger":"task.stderr"}
{"timestamp":"2026-08-20T09:18:49.931131Z","level":"error","event":"\tat org.apache.spark.sql.DataFrameWriter.csv(DataFrameWriter.scala:438)","logger":"task.stderr"}
{"timestamp":"2026-08-20T09:18:49.937331Z","level":"error","event":"\tat java.base/jdk.internal.reflect.NativeMethodAccessorImpl.invoke0(Native Method)","logger":"task.stderr"}
{"timestamp":"2026-08-20T09:18:49.937796Z","level":"error","event":"\tat java.base/jdk.internal.reflect.NativeMethodAccessorImpl.invoke(NativeMethodAccessorImpl.java:77)","logger":"task.stderr"}
{"timestamp":"2026-08-20T09:18:49.938493Z","level":"error","event":"\tat java.base/jdk.internal.reflect.DelegatingMethodAccessorImpl.invoke(DelegatingMethodAccessorImpl.java:43)","logger":"task.stderr"}
{"timestamp":"2026-08-20T09:18:49.938812Z","level":"error","event":"\tat java.base/java.lang.reflect.Method.invoke(Method.java:569)","logger":"task.stderr"}
{"timestamp":"2026-08-20T09:18:49.939076Z","level":"error","event":"\tat py4j.reflection.MethodInvoker.invoke(MethodInvoker.java:244)","logger":"task.stderr"}
{"timestamp":"2026-08-20T09:18:49.939571Z","level":"error","event":"\tat py4j.reflection.ReflectionEngine.invoke(ReflectionEngine.java:374)","logger":"task.stderr"}
{"timestamp":"2026-08-20T09:18:49.939887Z","level":"error","event":"\tat py4j.Gateway.invoke(Gateway.java:282)","logger":"task.stderr"}
{"timestamp":"2026-08-20T09:18:49.940169Z","level":"error","event":"\tat py4j.commands.AbstractCommand.invokeMethod(AbstractCommand.java:132)","logger":"task.stderr"}
{"timestamp":"2026-08-20T09:18:49.940386Z","level":"error","event":"\tat py4j.commands.CallCommand.execute(CallCommand.java:79)","logger":"task.stderr"}
{"timestamp":"2026-08-20T09:18:49.940567Z","level":"error","event":"\tat py4j.ClientServerConnection.waitForCommands(ClientServerConnection.java:184)","logger":"task.stderr"}
{"timestamp":"2026-08-20T09:18:49.940771Z","level":"error","event":"\tat py4j.ClientServerConnection.run(ClientServerConnection.java:108)","logger":"task.stderr"}
{"timestamp":"2026-08-20T09:18:49.940951Z","level":"error","event":"\tat java.base/java.lang.Thread.run(Thread.java:840)","logger":"task.stderr"}
{"timestamp":"2026-08-20T09:18:50.045371Z","level":"error","event":"FAIL raw_to_bronze","logger":"unusual_prefix_7b6c72e3de4d7250d8472e398e5e5957cba805ec_First","dag_id":"mobile_sales_medallion_etl","map_index":-1,"task_id":"raw_to_bronze","try_number":4,"ti_id":"01a01e76-e2cc-7b4f-886e-33bc8ee72932","run_id":"manual__2026-08-20T08:54:58.836763+00:00","filename":"First.py","lineno":449,"error_detail":[{"exc_type":"PythonException","exc_value":"An exception was thrown from the Python worker:\nTraceback (most recent call last):\n  File \"/home/airflow/.local/lib/python3.13/site-packages/pyspark/python/lib/pyspark.zip/pyspark/worker.py\", line 3602, in main\n    func, profiler, deserializer, serializer = read_udfs(\n                                               ~~~~~~~~~^\n        pickleSer, infile, eval_type, runner_conf, eval_conf\n        ^^^^^^^^^^^^^^^^^^^^^^^^^^^^^^^^^^^^^^^^^^^^^^^^^^^^\n    )\n    ^\n  File \"/home/airflow/.local/lib/python3.13/site-packages/pyspark/python/lib/pyspark.zip/pyspark/worker.py\", line 2496, in read_udfs\n    read_single_udf(pickleSer, infile, eval_type, runner_conf, udf_index=i)\n    ~~~~~~~~~~~~~~~^^^^^^^^^^^^^^^^^^^^^^^^^^^^^^^^^^^^^^^^^^^^^^^^^^^^^^^^\n  File \"/home/airflow/.local/lib/python3.13/site-packages/pyspark/python/lib/pyspark.zip/pyspark/worker.py\", line 1079, in read_single_udf\n    f, return_type = read_command(pickleSer, infile)\n                     ~~~~~~~~~~~~^^^^^^^^^^^^^^^^^^^\n  File \"/home/airflow/.local/lib/python3.13/site-packages/pyspark/python/lib/pyspark.zip/pyspark/worker_util.py\", line 73, in read_command\n    command = serializer._read_with_length(file)\n  File \"/home/airflow/.local/lib/python3.13/site-packages/pyspark/python/lib/pyspark.zip/pyspark/serializers.py\", line 171, in _read_with_length\n    return self.loads(obj)\n           ~~~~~~~~~~^^^^^\n  File \"/home/airflow/.local/lib/python3.13/site-packages/pyspark/python/lib/pyspark.zip/pyspark/serializers.py\", line 454, in loads\n    return cloudpickle.loads(obj, encoding=encoding)\n           ~~~~~~~~~~~~~~~~~^^^^^^^^^^^^^^^^^^^^^^^^\nModuleNotFoundError: No module named 'unusual_prefix_7b6c72e3de4d7250d8472e398e5e5957cba805ec_First'","exc_notes":[],"syntax_error":null,"is_cause":false,"frames":[{"filename":"/opt/airflow/dags/dags/DAG1/First.py","lineno":446,"name":"stage_raw_to_bronze"},{"filename":"/opt/airflow/dags/dags/DAG1/First.py","lineno":381,"name":"write_dataframe"},{"filename":"/home/airflow/.local/lib/python3.13/site-packages/pyspark/sql/readwriter.py","lineno":2236,"name":"csv"},{"filename":"/home/airflow/.local/lib/python3.13/site-packages/py4j/java_gateway.py","lineno":1362,"name":"__call__"},{"filename":"/home/airflow/.local/lib/python3.13/site-packages/pyspark/errors/exceptions/captured.py","lineno":257,"name":"deco"},{"filename":"/home/airflow/.local/lib/python3.13/site-packages/pyspark/python/lib/pyspark.zip/pyspark/worker.py","lineno":3602,"name":"main"},{"filename":"/home/airflow/.local/lib/python3.13/site-packages/pyspark/python/lib/pyspark.zip/pyspark/worker.py","lineno":2496,"name":"read_udfs"},{"filename":"/home/airflow/.local/lib/python3.13/site-packages/pyspark/python/lib/pyspark.zip/pyspark/worker.py","lineno":1079,"name":"read_single_udf"},{"filename":"/home/airflow/.local/lib/python3.13/site-packages/pyspark/python/lib/pyspark.zip/pyspark/worker_util.py","lineno":73,"name":"read_command"},{"filename":"/home/airflow/.local/lib/python3.13/site-packages/pyspark/python/lib/pyspark.zip/pyspark/serializers.py","lineno":171,"name":"_read_with_length"},{"filename":"/home/airflow/.local/lib/python3.13/site-packages/pyspark/python/lib/pyspark.zip/pyspark/serializers.py","lineno":454,"name":"loads"}],"is_group":false,"exceptions":[]}]}
{"timestamp":"2026-08-20T09:18:50.395560Z","level":"error","event":"Task failed with exception","dag_id":"mobile_sales_medallion_etl","map_index":-1,"task_id":"raw_to_bronze","try_number":4,"ti_id":"01a01e76-e2cc-7b4f-886e-33bc8ee72932","run_id":"manual__2026-08-20T08:54:58.836763+00:00","logger":"task","filename":"task_runner.py","lineno":1673,"error_detail":[{"exc_type":"PythonException","exc_value":"An exception was thrown from the Python worker:\nTraceback (most recent call last):\n  File \"/home/airflow/.local/lib/python3.13/site-packages/pyspark/python/lib/pyspark.zip/pyspark/worker.py\", line 3602, in main\n    func, profiler, deserializer, serializer = read_udfs(\n                                               ~~~~~~~~~^\n        pickleSer, infile, eval_type, runner_conf, eval_conf\n        ^^^^^^^^^^^^^^^^^^^^^^^^^^^^^^^^^^^^^^^^^^^^^^^^^^^^\n    )\n    ^\n  File \"/home/airflow/.local/lib/python3.13/site-packages/pyspark/python/lib/pyspark.zip/pyspark/worker.py\", line 2496, in read_udfs\n    read_single_udf(pickleSer, infile, eval_type, runner_conf, udf_index=i)\n    ~~~~~~~~~~~~~~~^^^^^^^^^^^^^^^^^^^^^^^^^^^^^^^^^^^^^^^^^^^^^^^^^^^^^^^^\n  File \"/home/airflow/.local/lib/python3.13/site-packages/pyspark/python/lib/pyspark.zip/pyspark/worker.py\", line 1079, in read_single_udf\n    f, return_type = read_command(pickleSer, infile)\n                     ~~~~~~~~~~~~^^^^^^^^^^^^^^^^^^^\n  File \"/home/airflow/.local/lib/python3.13/site-packages/pyspark/python/lib/pyspark.zip/pyspark/worker_util.py\", line 73, in read_command\n    command = serializer._read_with_length(file)\n  File \"/home/airflow/.local/lib/python3.13/site-packages/pyspark/python/lib/pyspark.zip/pyspark/serializers.py\", line 171, in _read_with_length\n    return self.loads(obj)\n           ~~~~~~~~~~^^^^^\n  File \"/home/airflow/.local/lib/python3.13/site-packages/pyspark/python/lib/pyspark.zip/pyspark/serializers.py\", line 454, in loads\n    return cloudpickle.loads(obj, encoding=encoding)\n           ~~~~~~~~~~~~~~~~~^^^^^^^^^^^^^^^^^^^^^^^^\nModuleNotFoundError: No module named 'unusual_prefix_7b6c72e3de4d7250d8472e398e5e5957cba805ec_First'","exc_notes":[],"syntax_error":null,"is_cause":false,"frames":[{"filename":"/home/airflow/.local/lib/python3.13/site-packages/airflow/sdk/execution_time/task_runner.py","lineno":1576,"name":"run"},{"filename":"/home/airflow/.local/lib/python3.13/site-packages/airflow/sdk/execution_time/task_runner.py","lineno":189,"name":"wrapper"},{"filename":"/home/airflow/.local/lib/python3.13/site-packages/airflow/sdk/execution_time/task_runner.py","lineno":2125,"name":"_execute_task"},{"filename":"/home/airflow/.local/lib/python3.13/site-packages/airflow/sdk/bases/operator.py","lineno":445,"name":"wrapper"},{"filename":"/home/airflow/.local/lib/python3.13/site-packages/airflow/sdk/bases/decorator.py","lineno":398,"name":"execute"},{"filename":"/home/airflow/.local/lib/python3.13/site-packages/airflow/sdk/bases/operator.py","lineno":445,"name":"wrapper"},{"filename":"/home/airflow/.local/lib/python3.13/site-packages/airflow/providers/standard/operators/python.py","lineno":231,"name":"execute"},{"filename":"/home/airflow/.local/lib/python3.13/site-packages/airflow/providers/standard/operators/python.py","lineno":254,"name":"execute_callable"},{"filename":"/home/airflow/.local/lib/python3.13/site-packages/airflow/sdk/execution_time/callback_runner.py","lineno":97,"name":"run"},{"filename":"/opt/airflow/dags/dags/DAG1/First.py","lineno":446,"name":"stage_raw_to_bronze"},{"filename":"/opt/airflow/dags/dags/DAG1/First.py","lineno":381,"name":"write_dataframe"},{"filename":"/home/airflow/.local/lib/python3.13/site-packages/pyspark/sql/readwriter.py","lineno":2236,"name":"csv"},{"filename":"/home/airflow/.local/lib/python3.13/site-packages/py4j/java_gateway.py","lineno":1362,"name":"__call__"},{"filename":"/home/airflow/.local/lib/python3.13/site-packages/pyspark/errors/exceptions/captured.py","lineno":257,"name":"deco"},{"filename":"/home/airflow/.local/lib/python3.13/site-packages/pyspark/python/lib/pyspark.zip/pyspark/worker.py","lineno":3602,"name":"main"},{"filename":"/home/airflow/.local/lib/python3.13/site-packages/pyspark/python/lib/pyspark.zip/pyspark/worker.py","lineno":2496,"name":"read_udfs"},{"filename":"/home/airflow/.local/lib/python3.13/site-packages/pyspark/python/lib/pyspark.zip/pyspark/worker.py","lineno":1079,"name":"read_single_udf"},{"filename":"/home/airflow/.local/lib/python3.13/site-packages/pyspark/python/lib/pyspark.zip/pyspark/worker_util.py","lineno":73,"name":"read_command"},{"filename":"/home/airflow/.local/lib/python3.13/site-packages/pyspark/python/lib/pyspark.zip/pyspark/serializers.py","lineno":171,"name":"_read_with_length"},{"filename":"/home/airflow/.local/lib/python3.13/site-packages/pyspark/python/lib/pyspark.zip/pyspark/serializers.py","lineno":454,"name":"loads"}],"is_group":false,"exceptions":[]}]}
{"timestamp":"2026-08-20T09:18:50.415295Z","level":"info","event":"::group::Post Execute","dag_id":"mobile_sales_medallion_etl","map_index":-1,"task_id":"raw_to_bronze","try_number":4,"ti_id":"01a01e76-e2cc-7b4f-886e-33bc8ee72932","run_id":"manual__2026-08-20T08:54:58.836763+00:00","logger":"task","filename":"task_runner.py","lineno":1674}
{"timestamp":"2026-08-20T09:18:50.446367Z","level":"info","event":"::endgroup::","dag_id":"mobile_sales_medallion_etl","map_index":-1,"task_id":"raw_to_bronze","try_number":4,"ti_id":"01a01e76-e2cc-7b4f-886e-33bc8ee72932","run_id":"manual__2026-08-20T08:54:58.836763+00:00","logger":"task","filename":"task_runner.py","lineno":2270}
